// Jest Snapshot v1, https://goo.gl/fbAQLP

exports[`splitText should split text correctly 1`] = `
Array [
  "Lorem ipsum",
  "dolor sit",
  "amet,",
  "consetetur",
  "sadipscing",
  "elitr, sed",
  "diam nonumy",
  "eirmod",
  "tempor",
  "invidunt ut",
  "labore et",
  "dolore",
  "magna",
  "aliquyam",
  "erat, sed",
  "diam",
  "voluptua.",
  "At vero eos",
  "et accusam",
  "et justo",
  "duo dolores",
  "et ea",
  "rebum. Stet",
  "clita kasd",
  "gubergren,",
  "no sea",
  "takimata",
  "sanctus est",
  "Lorem ipsum",
  "dolor sit",
  "amet. Lorem",
  "ipsum dolor",
  "sit amet,",
  "consetetur",
  "sadipscing",
  "elitr, sed",
  "diam nonumy",
  "eirmod",
  "tempor",
  "invidunt ut",
  "labore et",
  "dolore",
  "magna",
  "aliquyam",
  "erat, sed",
  "diam",
  "voluptua.",
  "At vero eos",
  "et accusam",
  "et justo",
  "duo dolores",
  "et ea",
  "rebum. Stet",
  "clita kasd",
  "gubergren,",
  "no sea",
  "takimata",
  "sanctus est",
  "Lorem ipsum",
  "dolor sit",
  "amet.",
]
`;

exports[`splitText should split text correctly 2`] = `
Array [
  "Lorem",
  "ipsum",
  "dolor",
  "sit",
  "amet,",
  "consetetur",
  "sadipscing",
  "elitr,",
  "sed",
  "diam",
  "nonumy",
  "eirmod",
  "tempor",
  "invidunt",
  "ut",
  "labore",
  "et",
  "dolore",
  "magna",
  "aliquyam",
  "erat,",
  "sed",
  "diam",
  "voluptua.",
  "At",
  "vero",
  "eos",
  "et",
  "accusam",
  "et",
  "justo",
  "duo",
  "dolores",
  "et ea",
  "rebum.",
  "Stet",
  "clita",
  "kasd",
  "gubergren,",
  "no",
  "sea",
  "takimata",
  "sanctus",
  "est",
  "Lorem",
  "ipsum",
  "dolor",
  "sit",
  "amet.",
  "Lorem",
  "ipsum",
  "dolor",
  "sit",
  "amet,",
  "consetetur",
  "sadipscing",
  "elitr,",
  "sed",
  "diam",
  "nonumy",
  "eirmod",
  "tempor",
  "invidunt",
  "ut",
  "labore",
  "et",
  "dolore",
  "magna",
  "aliquyam",
  "erat,",
  "sed",
  "diam",
  "voluptua.",
  "At",
  "vero",
  "eos",
  "et",
  "accusam",
  "et",
  "justo",
  "duo",
  "dolores",
  "et ea",
  "rebum.",
  "Stet",
  "clita",
  "kasd",
  "gubergren,",
  "no",
  "sea",
  "takimata",
  "sanctus",
  "est",
  "Lorem",
  "ipsum",
  "dolor",
  "sit",
  "amet.",
]
`;

exports[`splitText should split text correctly 3`] = `
Array [
  "Lorem ipsum dolor sit amet, consetetur sadipscing",
  "elitr, sed diam nonumy eirmod tempor invidunt ut",
  "labore et dolore magna aliquyam erat, sed diam",
  "voluptua. At vero eos et accusam et justo duo",
  "dolores et ea rebum. Stet clita kasd gubergren, no",
  "sea takimata sanctus est Lorem ipsum dolor sit",
  "amet. Lorem ipsum dolor sit amet, consetetur",
  "sadipscing elitr, sed diam nonumy eirmod tempor",
  "invidunt ut labore et dolore magna aliquyam erat,",
  "sed diam voluptua. At vero eos et accusam et justo",
  "duo dolores et ea rebum. Stet clita kasd gubergren,",
  "no sea takimata sanctus est Lorem ipsum dolor sit",
  "amet.",
]
`;

exports[`splitText should split text correctly 4`] = `
Array [
  "Lorem ipsum dolor sit amet, consetetur sadipscing elitr, sed diam nonumy eirmod tempor invidunt ut labore et dolore magna aliquyam erat, sed diam voluptua. At vero eos et accusam et justo duo dolores et ea rebum. Stet clita kasd gubergren, no sea takimata sanctus est Lorem ipsum dolor sit amet. Lorem ipsum dolor sit amet, consetetur sadipscing elitr, sed diam nonumy eirmod tempor invidunt ut labore et dolore magna aliquyam erat, sed diam voluptua. At vero eos et accusam et justo duo dolores et ea rebum. Stet clita kasd gubergren, no sea takimata sanctus est Lorem ipsum dolor sit amet.",
]
`;
